// Jest Snapshot v1, https://goo.gl/fbAQLP

exports[`App Test 1`] = `[Function]`;
