// Jest Snapshot v1, https://goo.gl/fbAQLP

exports[`Navigation Test renders learn react link 1`] = `[Function]`;

exports[`Navigation Test renders navigation correctly 1`] = `[Function]`;
