// Jest Snapshot v1, https://goo.gl/fbAQLP

exports[`Playlist Test renders Playlist correctly 1`] = `[Function]`;

exports[`Playlist Test renders learn react link 1`] = `[Function]`;
